// Jest Snapshot v1, https://goo.gl/fbAQLP

exports[`Home should be rendered 1`] = `
<div
  className="card-container"
/>
`;
